2026-05-07 11:19:50.669 [AUDIT] ACTION=REFRESH_TOKEN | RESOURCE=Auth | USER=anonymous | IP=0:0:0:0:0:0:0:1 | STATUS=SUCCESS | DURATION=1483ms | DESC=Access token refresh | ERROR=-
2026-05-07 14:21:19.217 [AUDIT] ACTION=REFRESH_TOKEN | RESOURCE=Auth | USER=anonymous | IP=0:0:0:0:0:0:0:1 | STATUS=SUCCESS | DURATION=2261ms | DESC=Access token refresh | ERROR=-
2026-05-07 14:21:43.161 [AUDIT] ACTION=LOGIN | RESOURCE=Auth | USER=anonymous | IP=0:0:0:0:0:0:0:1 | STATUS=SUCCESS | DURATION=567ms | DESC=User login attempt | ERROR=-
2026-05-07 14:23:35.731 [AUDIT] ACTION=LOGIN | RESOURCE=Auth | USER=anonymous | IP=0:0:0:0:0:0:0:1 | STATUS=SUCCESS | DURATION=270ms | DESC=User login attempt | ERROR=-
2026-05-07 14:37:56.953 [AUDIT] ACTION=ATTENDANCE_CHECK_IN | RESOURCE=Attendance | USER=yashraj.gmtechnosys+2@gmail.com | IP=0:0:0:0:0:0:0:1 | STATUS=SUCCESS | DURATION=688ms | DESC=Employee check-in | ERROR=-
2026-05-07 14:45:09.966 [AUDIT] ACTION=LOGIN | RESOURCE=Auth | USER=anonymous | IP=0:0:0:0:0:0:0:1 | STATUS=SUCCESS | DURATION=450ms | DESC=User login attempt | ERROR=-
2026-05-07 15:00:19.964 [AUDIT] ACTION=REFRESH_TOKEN | RESOURCE=Auth | USER=anonymous | IP=0:0:0:0:0:0:0:1 | STATUS=SUCCESS | DURATION=418ms | DESC=Access token refresh | ERROR=-
2026-05-07 15:14:53.194 [AUDIT] ACTION=CREATE_USER | RESOURCE=User | USER=yashraj.gmtechnosys@gmail.com | IP=0:0:0:0:0:0:0:1 | STATUS=FAILURE | DURATION=133ms | DESC=Create full user profile (person + role + auth credentials) | ERROR=Cannot deserialize value of type `com.gm.hrms.enums.Gender` from String "Other": not one of the values accepted for Enum class: [OTHER, FEMALE, MALE]
 at [Source: REDACTED (`StreamReadFeature.INCLUDE_SOURCE_IN_LOCATION` disabled); byte offset: #UNKNOWN] (through reference chain: com.gm.hrms.dto.request.PersonalInformationRequestDTO["gender"])
2026-05-07 15:15:05.843 [AUDIT] ACTION=CREATE_USER | RESOURCE=User | USER=yashraj.gmtechnosys@gmail.com | IP=0:0:0:0:0:0:0:1 | STATUS=FAILURE | DURATION=6ms | DESC=Create full user profile (person + role + auth credentials) | ERROR=Cannot deserialize value of type `com.gm.hrms.enums.Gender` from String "Other": not one of the values accepted for Enum class: [OTHER, FEMALE, MALE]
 at [Source: REDACTED (`StreamReadFeature.INCLUDE_SOURCE_IN_LOCATION` disabled); byte offset: #UNKNOWN] (through reference chain: com.gm.hrms.dto.request.PersonalInformationRequestDTO["gender"])
2026-05-07 15:15:30.909 [AUDIT] ACTION=REFRESH_TOKEN | RESOURCE=Auth | USER=anonymous | IP=0:0:0:0:0:0:0:1 | STATUS=SUCCESS | DURATION=391ms | DESC=Access token refresh | ERROR=-
2026-05-07 15:15:31.145 [AUDIT] ACTION=CREATE_USER | RESOURCE=User | USER=yashraj.gmtechnosys@gmail.com | IP=0:0:0:0:0:0:0:1 | STATUS=FAILURE | DURATION=0ms | DESC=Create full user profile (person + role + auth credentials) | ERROR=Cannot deserialize value of type `com.gm.hrms.enums.Gender` from String "Female": not one of the values accepted for Enum class: [OTHER, FEMALE, MALE]
 at [Source: REDACTED (`StreamReadFeature.INCLUDE_SOURCE_IN_LOCATION` disabled); byte offset: #UNKNOWN] (through reference chain: com.gm.hrms.dto.request.PersonalInformationRequestDTO["gender"])
2026-05-07 15:17:00.505 [AUDIT] ACTION=CREATE_USER | RESOURCE=User | USER=yashraj.gmtechnosys@gmail.com | IP=0:0:0:0:0:0:0:1 | STATUS=FAILURE | DURATION=10ms | DESC=Create full user profile (person + role + auth credentials) | ERROR=Cannot deserialize value of type `com.gm.hrms.enums.Gender` from String "Female": not one of the values accepted for Enum class: [OTHER, FEMALE, MALE]
 at [Source: REDACTED (`StreamReadFeature.INCLUDE_SOURCE_IN_LOCATION` disabled); byte offset: #UNKNOWN] (through reference chain: com.gm.hrms.dto.request.PersonalInformationRequestDTO["gender"])
2026-05-07 15:17:11.605 [AUDIT] ACTION=CREATE_USER | RESOURCE=User | USER=yashraj.gmtechnosys@gmail.com | IP=0:0:0:0:0:0:0:1 | STATUS=FAILURE | DURATION=2ms | DESC=Create full user profile (person + role + auth credentials) | ERROR=Cannot deserialize value of type `com.gm.hrms.enums.Gender` from String "Female": not one of the values accepted for Enum class: [OTHER, FEMALE, MALE]
 at [Source: REDACTED (`StreamReadFeature.INCLUDE_SOURCE_IN_LOCATION` disabled); byte offset: #UNKNOWN] (through reference chain: com.gm.hrms.dto.request.PersonalInformationRequestDTO["gender"])
2026-05-07 15:18:31.988 [AUDIT] ACTION=CREATE_USER | RESOURCE=User | USER=yashraj.gmtechnosys@gmail.com | IP=0:0:0:0:0:0:0:1 | STATUS=FAILURE | DURATION=729ms | DESC=Create full user profile (person + role + auth credentials) | ERROR=Cannot invoke "com.gm.hrms.entity.WorkProfile.getId()" because the return value of "com.gm.hrms.entity.PersonalInformation.getWorkProfile()" is null
2026-05-07 15:18:43.004 [AUDIT] ACTION=CREATE_USER | RESOURCE=User | USER=yashraj.gmtechnosys@gmail.com | IP=0:0:0:0:0:0:0:1 | STATUS=FAILURE | DURATION=245ms | DESC=Create full user profile (person + role + auth credentials) | ERROR=Cannot invoke "com.gm.hrms.entity.WorkProfile.getId()" because the return value of "com.gm.hrms.entity.PersonalInformation.getWorkProfile()" is null
2026-05-07 15:31:28.954 [AUDIT] ACTION=REFRESH_TOKEN | RESOURCE=Auth | USER=anonymous | IP=0:0:0:0:0:0:0:1 | STATUS=SUCCESS | DURATION=833ms | DESC=Access token refresh | ERROR=-
2026-05-07 15:31:30.677 [AUDIT] ACTION=CREATE_USER | RESOURCE=User | USER=yashraj.gmtechnosys@gmail.com | IP=0:0:0:0:0:0:0:1 | STATUS=SUCCESS | DURATION=953ms | DESC=Create full user profile (person + role + auth credentials) | ERROR=-
2026-05-07 15:37:40.883 [AUDIT] ACTION=CREATE_USER | RESOURCE=User | USER=yashraj.gmtechnosys@gmail.com | IP=0:0:0:0:0:0:0:1 | STATUS=FAILURE | DURATION=39ms | DESC=Create full user profile (person + role + auth credentials) | ERROR=Address line is required
2026-05-07 15:38:16.933 [AUDIT] ACTION=CREATE_USER | RESOURCE=User | USER=yashraj.gmtechnosys@gmail.com | IP=0:0:0:0:0:0:0:1 | STATUS=FAILURE | DURATION=21ms | DESC=Create full user profile (person + role + auth credentials) | ERROR=Address line is required
2026-05-07 15:38:57.016 [AUDIT] ACTION=CREATE_USER | RESOURCE=User | USER=yashraj.gmtechnosys@gmail.com | IP=0:0:0:0:0:0:0:1 | STATUS=FAILURE | DURATION=18ms | DESC=Create full user profile (person + role + auth credentials) | ERROR=Address line is required
2026-05-07 15:39:10.755 [AUDIT] ACTION=CREATE_USER | RESOURCE=User | USER=yashraj.gmtechnosys@gmail.com | IP=0:0:0:0:0:0:0:1 | STATUS=FAILURE | DURATION=26ms | DESC=Create full user profile (person + role + auth credentials) | ERROR=Address line is required
2026-05-07 16:17:52.939 [AUDIT] ACTION=REFRESH_TOKEN | RESOURCE=Auth | USER=anonymous | IP=0:0:0:0:0:0:0:1 | STATUS=SUCCESS | DURATION=1989ms | DESC=Access token refresh | ERROR=-
2026-05-07 16:17:54.329 [AUDIT] ACTION=CREATE_USER | RESOURCE=User | USER=yashraj.gmtechnosys@gmail.com | IP=0:0:0:0:0:0:0:1 | STATUS=FAILURE | DURATION=451ms | DESC=Create full user profile (person + role + auth credentials) | ERROR=Department is required
2026-05-07 16:18:59.638 [AUDIT] ACTION=CREATE_USER | RESOURCE=User | USER=yashraj.gmtechnosys@gmail.com | IP=0:0:0:0:0:0:0:1 | STATUS=SUCCESS | DURATION=847ms | DESC=Create full user profile (person + role + auth credentials) | ERROR=-
2026-05-07 16:33:12.123 [AUDIT] ACTION=REFRESH_TOKEN | RESOURCE=Auth | USER=anonymous | IP=0:0:0:0:0:0:0:1 | STATUS=SUCCESS | DURATION=349ms | DESC=Access token refresh | ERROR=-
2026-05-07 16:54:22.891 [AUDIT] ACTION=REFRESH_TOKEN | RESOURCE=Auth | USER=anonymous | IP=0:0:0:0:0:0:0:1 | STATUS=SUCCESS | DURATION=1012ms | DESC=Access token refresh | ERROR=-
2026-05-07 17:09:30.162 [AUDIT] ACTION=REFRESH_TOKEN | RESOURCE=Auth | USER=anonymous | IP=0:0:0:0:0:0:0:1 | STATUS=SUCCESS | DURATION=959ms | DESC=Access token refresh | ERROR=-
2026-05-07 17:38:18.761 [AUDIT] ACTION=REFRESH_TOKEN | RESOURCE=Auth | USER=anonymous | IP=0:0:0:0:0:0:0:1 | STATUS=SUCCESS | DURATION=233ms | DESC=Access token refresh | ERROR=-
2026-05-07 17:38:21.368 [AUDIT] ACTION=CORRECT_ATTENDANCE | RESOURCE=CorrectionRequest | USER=yashraj.gmtechnosys@gmail.com | IP=0:0:0:0:0:0:0:1 | STATUS=SUCCESS | DURATION=252ms | DESC=Approve correction request | ERROR=-
2026-05-07 17:53:41.913 [AUDIT] ACTION=REFRESH_TOKEN | RESOURCE=Auth | USER=anonymous | IP=0:0:0:0:0:0:0:1 | STATUS=SUCCESS | DURATION=216ms | DESC=Access token refresh | ERROR=-
